QTY    DESCRIPTION                            UNIT      TAX      TOTAL
----------------------------------------------------------------------
2      Widget                               $10.00    8.25%     $21.65
2.5    Consulting hours                    $120.00    0.00%    $300.00
1      A very long description that ex…   $1234.56   10.00%   $1358.02
----------------------------------------------------------------------
       GRAND TOTAL                                            $1679.67
